=== 2026-09-29T14:36:40+05:30 daily run ===
--- 1. order books (ground truth, ~15 min)
Skipping symbols shared by 2+ CMC tokens: EDGE, GUSD, ONE
  binance    256 of 517 tokens listed  (~11 min)
  okx        209 of 517 tokens listed  (~2 min)
  coinbase   207 of 517 tokens listed  (~1 min)
  kraken     299 of 517 tokens listed  (~5 min)
  okx       LINK-USDT    price_mismatch mid=15.3055 cmc=13.7739
  kraken    LINKUSD      price_mismatch mid=15.2938 cmc=13.7739
  coinbase  LINK-USD     price_mismatch mid=15.29 cmc=13.7739
  okx       HBAR-USDT    price_mismatch mid=0.118135 cmc=0.0970327
  binance   LINKUSDT     price_mismatch mid=15.2945 cmc=13.7739
  kraken    HBARUSD      price_mismatch mid=0.118085 cmc=0.0970327
  kraken    QNTUSD       price_mismatch mid=253.845 cmc=287.084
  coinbase  HBAR-USD     price_mismatch mid=0.118145 cmc=0.0970327
  okx       AAVE-USDT    price_mismatch mid=167.595 cmc=148.833
  coinbase  QNT-USD      price_mismatch mid=253.77 cmc=287.084
  kraken    AAVEUSD      price_mismatch mid=167.43 cmc=148.833
  coinbase  AAVE-USD     price_mismatch mid=167.52 cmc=148.833
  okx       ALGO-USDT    price_mismatch mid=0.130875 cmc=0.117073
  binance   HBARUSDT     price_mismatch mid=0.118105 cmc=0.0970327
  kraken    UUSD         price_mismatch mid=0.0002655 cmc=0.999641
  okx       ETHFI-USDT   price_mismatch mid=0.7428 cmc=0.673217
  coinbase  ALGO-USD     price_mismatch mid=0.13086 cmc=0.117073
  binance   QNTUSDT      price_mismatch mid=253.305 cmc=287.084
  kraken    LITUSD       price_mismatch mid=0.1374 cmc=4.38026
  kraken    ALGOUSD      price_mismatch mid=0.13083 cmc=0.117073
  okx       CRV-USDT     price_mismatch mid=0.39995 cmc=0.330503
  okx       NIGHT-USDT   price_mismatch mid=0.0290195 cmc=0.0263637
  coinbase  ETHFI-USD    price_mismatch mid=0.7435 cmc=0.673217
  binance   AAVEUSDT     price_mismatch mid=167.385 cmc=148.833
  kraken    ETHFIUSD     price_mismatch mid=0.7433 cmc=0.673217
  coinbase  CRV-USD      price_mismatch mid=0.40015 cmc=0.330503
  kraken    CRVUSD       price_mismatch mid=0.400175 cmc=0.330503
  kraken    NIGHTUSD     price_mismatch mid=0.029035 cmc=0.0263637
  okx       CVX-USDT     price_mismatch mid=2.2985 cmc=2.067
  okx       AI-USDT      price_mismatch mid=0.020575 cmc=0.222037
  coinbase  USELESS-USD  price_mismatch mid=0.22991 cmc=0.255658
  coinbase  SYRUP-USD    price_mismatch mid=0.23675 cmc=0.210168
  coinbase  CVX-USD      price_mismatch mid=2.2955 cmc=2.067
  coinbase  AI-USD       price_mismatch mid=0.020595 cmc=0.222037
  binance   ALGOUSDT     price_mismatch mid=0.13085 cmc=0.117073
  kraken    USELESSUSD   price_mismatch mid=0.22999 cmc=0.255658
  kraken    SYRUPUSD     price_mismatch mid=0.236865 cmc=0.210168
  okx       HUMA-USDT    price_mismatch mid=0.029105 cmc=0.0263636
  kraken    CVXUSD       price_mismatch mid=2.297 cmc=2.067
  kraken    AIUSD        price_mismatch mid=0.020555 cmc=0.222037
  binance   ETHFIUSDT    price_mismatch mid=0.74295 cmc=0.673217
  coinbase  VELO-USD     price_mismatch mid=0.03582 cmc=0.00489661
  okx       CARDS-USDT   price_mismatch mid=0.20965 cmc=0.185298
  kraken    TELUSD       price_mismatch mid=0.002279 cmc=0.00181401
  okx       NMR-USDT     price_mismatch mid=12.5375 cmc=10.0037
  coinbase  NMR-USD      price_mismatch mid=12.51 cmc=10.0037
  kraken    QUSD         price_mismatch mid=0.0244865 cmc=0.0318486
  binance   CRVUSDT      price_mismatch mid=0.39935 cmc=0.330503
  okx       CELO-USDT    price_mismatch mid=0.106845 cmc=0.0922977
  okx       PHA-USDT     price_mismatch mid=0.06687 cmc=0.0602482
  binance   NIGHTUSDT    price_mismatch mid=0.029095 cmc=0.0263637
  okx       IRYS-USDT    price_mismatch mid=0.0164 cmc=0.0185904
  coinbase  UP-USD       price_mismatch mid=0.06999 cmc=0.253688
  coinbase  IRYS-USD     price_mismatch mid=0.0164 cmc=0.0185904
  okx       done: 194 books
  coinbase  ALEO-USD     price_mismatch mid=0.022203 cmc=0.0255304
  kraken    SHXUSD       price_mismatch mid=0.0053255 cmc=0.0047298
  coinbase  APR-USD      price_mismatch mid=0.12165 cmc=0.13995
  kraken    FUNUSD       price_mismatch mid=0.017805 cmc=0.0075676
  coinbase  INDEX-USD    price_mismatch mid=0.2822 cmc=0.036265
  coinbase  FLOCK-USD    price_mismatch mid=0.0652025 cmc=0.0761467
  kraken    NMRUSD       price_mismatch mid=12.505 cmc=10.0037
  coinbase  done: 188 books
  binance   SYRUPUSDT    price_mismatch mid=0.237 cmc=0.210168
  kraken    CELOUSD      price_mismatch mid=0.1069 cmc=0.0922977
  kraken    PHAUSD       price_mismatch mid=0.06658 cmc=0.0602482
  kraken    MUBARAKUSD   price_mismatch mid=0.06177 cmc=0.0556811
  binance   CVXUSDT      price_mismatch mid=2.3095 cmc=2.067
  binance   FRAXUSDT     price_mismatch mid=0.30925 cmc=0.99127
  binance   AIUSDT       price_mismatch mid=0.01925 cmc=0.222037
  kraken    0GUSD        price_mismatch mid=0.2945 cmc=0.259326
  kraken    UPUSD        price_mismatch mid=0.069935 cmc=0.253688
  kraken    ASSETUSD     price_mismatch mid=0.19109 cmc=0.232929
  kraken    ALEOUSD      price_mismatch mid=0.02218 cmc=0.0255304
  kraken    APRUSD       price_mismatch mid=0.121405 cmc=0.13995
  kraken    LUNAUSD      price_mismatch mid=5.307e-05 cmc=0.0511053
  kraken    FLOCKUSD     price_mismatch mid=0.065175 cmc=0.0761467
  kraken    done: 268 books
  binance   HUMAUSDT     price_mismatch mid=0.029065 cmc=0.0263636
  binance   NMRUSDT      price_mismatch mid=12.485 cmc=10.0037
  binance   CELOUSDT     price_mismatch mid=0.106305 cmc=0.0922977
  binance   PHAUSDT      price_mismatch mid=0.06655 cmc=0.0602482
  binance   MUBARAKUSDT  price_mismatch mid=0.062205 cmc=0.0556811
  binance   0GUSDT       price_mismatch mid=0.2957 cmc=0.259326
  binance   IOTXUSDT     price_mismatch mid=0.0034265 cmc=0.00382593
  binance   done: 237 books

=== Snapshot 2026-09-29T09:06:00+00:00 ===
venue       books      ok  thin  trunc  mismatch
binance       256    1696   598     76        19
coinbase      207    1275   605      0        19
kraken        297    1629   812    239        29
okx           209    1361   492     87        15

Median SELL slippage (bps vs best bid) by size, status=ok:
  $       1,000  n=886   median=3.3
  $      10,000  n=868   median=20.3
  $     100,000  n=530   median=56.2
  $   1,000,000  n=151   median=170.7
  $  10,000,000  n=28    median=150.8

349 tokens with at least one usable book.
--- 2. OHLCV top-up (hourly history only reaches back one month)
=== Universe: top 500 by market cap ===
  500 tokens. First run costs about 8,610 credits; re-runs only pay for new candles.

=== Backfill (daily since 2024-01-01, hourly last 720h) ===
    10/500  daily+=0       hourly+=280     credits=3
    20/500  daily+=0       hourly+=560     credits=6
    30/500  daily+=0       hourly+=840     credits=9
    40/500  daily+=0       hourly+=1120    credits=12
    50/500  daily+=0       hourly+=1400    credits=15
    60/500  daily+=0       hourly+=1680    credits=18
    70/500  daily+=0       hourly+=1960    credits=21
    80/500  daily+=0       hourly+=2240    credits=24
    90/500  daily+=0       hourly+=2520    credits=27
   100/500  daily+=0       hourly+=2800    credits=30
   110/500  daily+=0       hourly+=3080    credits=33
   120/500  daily+=0       hourly+=3360    credits=36
   130/500  daily+=0       hourly+=3640    credits=39
   140/500  daily+=0       hourly+=3920    credits=42
   150/500  daily+=0       hourly+=4200    credits=45
   160/500  daily+=0       hourly+=4480    credits=48
   170/500  daily+=0       hourly+=4760    credits=51
   180/500  daily+=0       hourly+=5040    credits=54
   190/500  daily+=0       hourly+=5320    credits=57
   200/500  daily+=0       hourly+=5600    credits=60
   210/500  daily+=0       hourly+=5880    credits=63
   220/500  daily+=0       hourly+=6160    credits=66
   230/500  daily+=0       hourly+=6440    credits=69
   240/500  daily+=0       hourly+=6720    credits=72
   250/500  daily+=0       hourly+=7000    credits=75
   260/500  daily+=0       hourly+=7280    credits=78
   270/500  daily+=0       hourly+=7560    credits=81
   280/500  daily+=0       hourly+=7840    credits=84
   290/500  daily+=0       hourly+=8120    credits=87
   300/500  daily+=0       hourly+=8400    credits=90
   310/500  daily+=0       hourly+=8680    credits=93
   320/500  daily+=0       hourly+=8960    credits=96
   330/500  daily+=0       hourly+=9240    credits=99
   340/500  daily+=0       hourly+=9520    credits=102
   350/500  daily+=0       hourly+=9800    credits=105
   360/500  daily+=0       hourly+=10080   credits=108
   370/500  daily+=0       hourly+=10360   credits=111
   380/500  daily+=0       hourly+=10640   credits=114
   390/500  daily+=0       hourly+=10920   credits=117
   400/500  daily+=0       hourly+=11200   credits=120
   410/500  daily+=0       hourly+=11480   credits=123
   420/500  daily+=20      hourly+=11970   credits=129
   430/500  daily+=20      hourly+=12250   credits=132
   440/500  daily+=20      hourly+=12530   credits=135
   450/500  daily+=20      hourly+=12810   credits=138
   460/500  daily+=40      hourly+=13090   credits=142
   470/500  daily+=50      hourly+=13370   credits=146
   480/500  daily+=70      hourly+=13650   credits=150
  [400] /v2/cryptocurrency/ohlcv/historical ERROR: Error, max datapoints allowed is 10000. Please reduce the number of datapoints you are querying for.
   490/500  daily+=70      hourly+=14140   credits=155
  [400] /v2/cryptocurrency/ohlcv/historical ERROR: Error, max datapoints allowed is 10000. Please reduce the number of datapoints you are querying for.
   500/500  daily+=70      hourly+=21340   credits=227

=== Stored ===
  daily     384,394 candles   520 tokens  2024-01-02T00:00:00.000Z -> 2026-09-28T00:00:00.000Z
  hourly    457,875 candles   524 tokens  2026-08-23T15:00:00.000Z -> 2026-09-29T08:00:00.000Z

This run: +70 daily, +21,340 hourly, 229 credits.
Hourly history only reaches back one month -- re-run before 30 Sep to extend it.
--- 3. re-calibrate on all days so far
# Calibration report (2026-09-29)

4634 rows, 367 tokens, 7 day(s) (2026-09-22 to 2026-09-29). Target: cost of selling immediately across all measured venues, vs consolidated mid. 5-fold CV grouped by token.
3859 more sales could not be absorbed by the merged book at all (no venue truncated). They can't be fitted, so they're scored instead: 'false comfort' = share a model prices under 10%. Dropped: 799 sales where a venue capped its levels (thin vs truncated unknowable); 2 token-days with no CMC volume/sigma.

| model | Y | delta | median abs err | median factor off | R^2 (log) | false comfort |
|---|---|---|---|---|---|---|
| textbook sqrt, global Y **(shipped)** | 1.65 | 0.500 | 14.5 bps | x1.84 | 0.487 | 81% |
| power law, global Y | 7.05 | 0.719 | 16.4 bps | x1.82 | 0.534 | 46% |
| learned Y per token | per token | 0.719 | 14.8 bps | x1.72 | 0.620 | 46% |

Median absolute error by order size (out-of-fold, bps):

| size | n | sqrt | power | learned |
|---|---|---|---|---|
| $10,000 | 2081 | 9.0 | 8.3 | 7.6 |
| $100,000 | 1829 | 25.3 | 34.6 | 29.6 |
| $1,000,000 | 584 | 25.1 | 40.2 | 37.0 |
| $10,000,000 | 140 | 98.4 | 86.6 | 103.4 |

What predicts a token's Y (GBM feature importance): log_sigma 0.47, history_days 0.19, turnover 0.14, log_mcap 0.12, log_volume 0.08

The learned model did not beat the power law by the required 5%, so the power law ships. Published as a negative result.

Wrote ingest/calibration.json (used by impact.py) and data/calibration_report.md (for METHODOLOGY.md).
--- 4. rate every token, re-run Hindsight with the new calibration
Rated 500 tokens at 2026-09-29T09:19:00+00:00. Grade changes since the previous run: 50
--- 5. grade distribution
Calibration: Y=1.65 delta=0.500   520 tokens rated, 4 without candles

grade  max position >=  tokens   share  largest by mcap
AAA        $10,000,000      73     14%  BTC, ETH, USDT, BNB, XRP
AA          $3,000,000      49      9%  SHIB, QNT, ONDO, OKB, PUMP
A           $1,000,000      81     16%  RAIN, CC, CRO, SKY, MORPHO
BBB           $300,000     119     23%  LEO, VVV, GT, VET, STABLE
BB            $100,000      80     15%  BTW, 币安人生, SPX, FF, PONS
B              $30,000      58     11%  DEL, M, TIBBIR, SHFL, KOGE
CCC            $10,000      21      4%  AKE, BR, STRCX, RLB, SKR
D                   $0      30      6%  ZANO, BULLA, YZY, SN4, SUT
NR             no data       9      2%  USD0, USDAI, IVVon, vBUSD, DUSD

73 tokens have a max position above the $10M calibration limit (show them as '> $10M').
--- 6. export web/site.db for the website
Wrote web/site.db (2.3 MB)
=== done 2026-09-29T14:50:01+05:30 ===
